// Jest Snapshot v1, https://goo.gl/fbAQLP

exports[`parseMSKLC should parse a layout 1`] = `
{
  "company": "Adam Gola, Roberto Lombino jr.",
  "copyright": "(c) 2013 Adam Gola",
  "localeId": "00000424",
  "localeName": "sl-SI",
  "name": "Med≈æuslovjansky (latinica)",
  "script": "Latn",
  "states": {
    "0": {
      "Backslash": "\\",
      "BracketLeft": "[",
      "BracketRight": "]",
      "Comma": ",",
      "Decimal": ",",
      "Digit0": "0",
      "Digit1": "1",
      "Digit2": "2",
      "Digit3": "3",
      "Digit4": "4",
      "Digit5": "5",
      "Digit6": "6",
      "Digit7": "7",
      "Digit8": "8",
      "Digit9": "9",
      "Enter": "\`",
      "Equal": "=",
      "KeyA": "a",
      "KeyB": "b",
      "KeyC": "c",
      "KeyD": "d",
      "KeyE": "e",
      "KeyF": "f",
      "KeyG": "g",
      "KeyH": "h",
      "KeyI": "i",
      "KeyJ": "j",
      "KeyK": "k",
      "KeyL": "l",
      "KeyM": "m",
      "KeyN": "n",
      "KeyO": "o",
      "KeyP": "p",
      "KeyQ": "q",
      "KeyR": "r",
      "KeyS": "s",
      "KeyT": "t",
      "KeyU": "u",
      "KeyV": "v",
      "KeyW": "w",
      "KeyX": "x",
      "KeyY": "y",
      "KeyZ": "z",
      "Key\\": "\\",
      "Minus": "-",
      "Period": ".",
      "Quote": "'",
      "Semicolon": ";",
      "Slash": "/",
      "Space": " ",
    },
    "1": {
      "Backslash": "|",
      "BracketLeft": "{",
      "BracketRight": "}",
      "Comma": "<",
      "Decimal": ",",
      "Digit0": ")",
      "Digit1": "!",
      "Digit2": "@",
      "Digit3": "#",
      "Digit4": "$",
      "Digit5": "%",
      "Digit6": "^",
      "Digit7": "&",
      "Digit8": "*",
      "Digit9": "(",
      "Enter": "~",
      "Equal": "+",
      "KeyA": "A",
      "KeyB": "B",
      "KeyC": "C",
      "KeyD": "D",
      "KeyE": "E",
      "KeyF": "F",
      "KeyG": "G",
      "KeyH": "H",
      "KeyI": "I",
      "KeyJ": "J",
      "KeyK": "K",
      "KeyL": "L",
      "KeyM": "M",
      "KeyN": "N",
      "KeyO": "O",
      "KeyP": "P",
      "KeyQ": "Q",
      "KeyR": "R",
      "KeyS": "S",
      "KeyT": "T",
      "KeyU": "U",
      "KeyV": "V",
      "KeyW": "W",
      "KeyX": "X",
      "KeyY": "Y",
      "KeyZ": "Z",
      "Key\\": "|",
      "Minus": "_",
      "Period": ">",
      "Quote": """,
      "Semicolon": ":",
      "Slash": "?",
      "Space": " ",
    },
    "2": {
      "Backslash": "",
      "BracketLeft": "",
      "BracketRight": "",
      "Comma": "",
      "Decimal": "",
      "Digit0": "",
      "Digit1": "",
      "Digit2": "",
      "Digit3": "",
      "Digit4": "",
      "Digit5": "",
      "Digit6": "",
      "Digit7": "",
      "Digit8": "",
      "Digit9": "",
      "Enter": "",
      "Equal": "",
      "KeyA": "",
      "KeyB": "",
      "KeyC": "",
      "KeyD": "",
      "KeyE": "",
      "KeyF": "",
      "KeyG": "",
      "KeyH": "",
      "KeyI": "",
      "KeyJ": "",
      "KeyK": "",
      "KeyL": "",
      "KeyM": "",
      "KeyN": "",
      "KeyO": "",
      "KeyP": "",
      "KeyQ": "",
      "KeyR": "",
      "KeyS": "",
      "KeyT": "",
      "KeyU": "",
      "KeyV": "",
      "KeyW": "",
      "KeyX": "",
      "KeyY": "",
      "KeyZ": "",
      "Key\\": "",
      "Minus": "",
      "Period": "",
      "Quote": "",
      "Semicolon": "",
      "Slash": "",
      "Space": " ",
    },
    "6": {
      "Backslash": "√∑",
      "BracketLeft": "¬´",
      "BracketRight": "¬ª",
      "Comma": "‚Ä∞",
      "Decimal": "",
      "Digit0": "/",
      "Digit1": "‚Äö",
      "Digit2": "‚Äò",
      "Digit3": "‚Äô",
      "Digit4": "‚Ç¨",
      "Digit5": "¬®",
      "Digit6": "ÀÜ",
      "Digit7": "Àù",
      "Digit8": "Àô",
      "Digit9": "Àò",
      "Enter": "Àã",
      "Equal": "‚àí",
      "KeyA": "√•",
      "KeyB": "",
      "KeyC": "ƒç",
      "KeyD": "dÃÅ",
      "KeyE": "ƒõ",
      "KeyF": "ƒë",
      "KeyG": "",
      "KeyH": "",
      "KeyI": "ƒó",
      "KeyJ": "",
      "KeyK": "√ó",
      "KeyL": "ƒ∫",
      "KeyM": "‚Ñ¢",
      "KeyN": "≈Ñ",
      "KeyO": "»Ø",
      "KeyP": "¬ß",
      "KeyQ": "≈õ",
      "KeyR": "≈ï",
      "KeyS": "≈°",
      "KeyT": "tÃÅ",
      "KeyU": "≈≥",
      "KeyV": "ƒá",
      "KeyW": "ƒô",
      "KeyX": "≈∫",
      "KeyY": "",
      "KeyZ": "≈æ",
      "Key\\": "√∑",
      "Minus": "‚Äì",
      "Period": "‚Ä¶",
      "Quote": "‚Äô",
      "Semicolon": "‚Äû",
      "Slash": "¬∞",
      "Space": "",
    },
    "7": {
      "Backslash": "‚àô",
      "BracketLeft": "‚Äπ",
      "BracketRight": "‚Ä∫",
      "Comma": "‚Ä≤",
      "Decimal": "",
      "Digit0": "¬∑",
      "Digit1": "Ãè",
      "Digit2": "¬Ø",
      "Digit3": "Ãë",
      "Digit4": "¬§",
      "Digit5": "Àú",
      "Digit6": "¬∏",
      "Digit7": ",",
      "Digit8": "¬¶",
      "Digit9": "Àõ",
      "Enter": "ÃÅ",
      "Equal": "¬±",
      "KeyA": "√Ö",
      "KeyB": "",
      "KeyC": "ƒå",
      "KeyD": "DÃÅ",
      "KeyE": "ƒö",
      "KeyF": "ƒê",
      "KeyG": "",
      "KeyH": "",
      "KeyI": "ƒñ",
      "KeyJ": "",
      "KeyK": "¬©",
      "KeyL": "ƒπ",
      "KeyM": "¬Æ",
      "KeyN": "≈É",
      "KeyO": "»Æ",
      "KeyP": "¬∂",
      "KeyQ": "≈ö",
      "KeyR": "≈î",
      "KeyS": "≈†",
      "KeyT": "TÃÅ",
      "KeyU": "≈≤",
      "KeyV": "ƒÜ",
      "KeyW": "ƒò",
      "KeyX": "≈π",
      "KeyY": "",
      "KeyZ": "≈Ω",
      "Key\\": "‚àô",
      "Minus": "‚Äî",
      "Period": "‚Ä≥",
      "Quote": "‚Äù",
      "Semicolon": "‚Äú",
      "Slash": "¬≠",
      "Space": "¬†",
    },
  },
  "version": 1,
}
`;
